[    0.000000] Linux version 4.15.0-212-generic (buildd@lcy02-amd64-083) (gcc version 7.5.0 (Ubuntu 7.5.0-3ubuntu1~18.04)) #223-Ubuntu SMP Tue May 23 13:09:22 UTC 2023 (Ubuntu 4.15.0-212.223-generic 4.15.18)
[    0.000000] Command line: BOOT_IMAGE=/boot/vmlinuz-4.15.0-212-generic root=LABEL=cloudimg-rootfs ro console=tty1 console=ttyS0
[    0.000000] KERNEL supported cpus:
[    0.000000]   Intel GenuineIntel
[    0.000000]   AMD AuthenticAMD
[    0.000000]   Centaur CentaurHauls
[    0.000000] [Firmware Bug]: TSC doesn't count with P0 frequency!
[    0.000000] x86/fpu: x87 FPU will use FXSAVE
[    0.000000] e820: BIOS-provided physical RAM map:
[    0.000000] BIOS-e820: [mem 0x0000000000000000-0x000000000009fbff] usable
[    0.000000] BIOS-e820: [mem 0x000000000009fc00-0x000000000009ffff] reserved
[    0.000000] BIOS-e820: [mem 0x00000000000f0000-0x00000000000fffff] reserved
[    0.000000] BIOS-e820: [mem 0x0000000000100000-0x000000007ffeffff] usable
[    0.000000] BIOS-e820: [mem 0x000000007fff0000-0x000000007fffffff] ACPI data
[    0.000000] BIOS-e820: [mem 0x00000000fec00000-0x00000000fec00fff] reserved
[    0.000000] BIOS-e820: [mem 0x00000000fee00000-0x00000000fee00fff] reserved
[    0.000000] BIOS-e820: [mem 0x00000000fffc0000-0x00000000ffffffff] reserved
[    0.000000] NX (Execute Disable) protection: active
[    0.000000] SMBIOS 2.5 present.
[    0.000000] DMI: innotek GmbH VirtualBox/VirtualBox, BIOS VirtualBox 12/01/2006
[    0.000000] Hypervisor detected: KVM
[    0.000000] e820: last_pfn = 0x7fff0 max_arch_pfn = 0x400000000
[    0.000000] x86/PAT: Configuration [0-7]: WB  WC  UC- UC  WB  WP  UC- WT  
[    0.000000] CPU MTRRs all blank - virtualized system.
[    0.000000] found SMP MP-table at [mem 0x0009fbf0-0x0009fbff]
[    0.000000] Scanning 1 areas for low memory corruption
[    0.000000] RAMDISK: [mem 0x359cb000-0x36cdcfff]
[    0.000000] ACPI: Early table checksum verification disabled
[    0.000000] ACPI: RSDP 0x00000000000E0000 000024 (v02 VBOX  )
[    0.000000] ACPI: XSDT 0x000000007FFF0030 00003C (v01 VBOX   VBOXXSDT 00000001 ASL  00000061)
[    0.000000] ACPI: FACP 0x000000007FFF00F0 0000F4 (v04 VBOX   VBOXFACP 00000001 ASL  00000061)
[    0.000000] ACPI: DSDT 0x000000007FFF0610 002353 (v02 VBOX   VBOXBIOS 00000002 INTL 20100528)
[    0.000000] ACPI: FACS 0x000000007FFF0200 000040
[    0.000000] ACPI: FACS 0x000000007FFF0200 000040
[    0.000000] ACPI: APIC 0x000000007FFF0240 00005C (v02 VBOX   VBOXAPIC 00000001 ASL  00000061)
[    0.000000] ACPI: SSDT 0x000000007FFF02A0 00036C (v01 VBOX   VBOXCPUT 00000002 INTL 20100528)
[    0.000000] ACPI: Reserving FACP table memory at [mem 0x7fff00f0-0x7fff01e3]
[    0.000000] ACPI: Reserving DSDT table memory at [mem 0x7fff0610-0x7fff2962]
[    0.000000] ACPI: Reserving FACS table memory at [mem 0x7fff0200-0x7fff023f]
[    0.000000] ACPI: Reserving FACS table memory at [mem 0x7fff0200-0x7fff023f]
[    0.000000] ACPI: Reserving APIC table memory at [mem 0x7fff0240-0x7fff029b]
[    0.000000] ACPI: Reserving SSDT table memory at [mem 0x7fff02a0-0x7fff060b]
[    0.000000] No NUMA configuration found
[    0.000000] Faking a node at [mem 0x0000000000000000-0x000000007ffeffff]
[    0.000000] NODE_DATA(0) allocated [mem 0x7ffc5000-0x7ffeffff]
[    0.000000] kvm-clock: cpu 0, msr 0:7ff44001, primary cpu clock
[    0.000000] kvm-clock: Using msrs 4b564d01 and 4b564d00
[    0.000000] kvm-clock: using sched offset of 3491437634 cycles
[    0.000000] clocksource: kvm-clock: mask: 0xffffffffffffffff max_cycles: 0x1cd42e4dffb, max_idle_ns: 881590591483 ns
[    0.000000] Zone ranges:
[    0.000000]   DMA      [mem 0x0000000000001000-0x0000000000ffffff]
[    0.000000]   DMA32    [mem 0x0000000001000000-0x000000007ffeffff]
[    0.000000]   Normal   empty
[    0.000000]   Device   empty
[    0.000000] Movable zone start for each node
[    0.000000] Early memory node ranges
[    0.000000]   node   0: [mem 0x0000000000001000-0x000000000009efff]
[    0.000000]   node   0: [mem 0x0000000000100000-0x000000007ffeffff]
[    0.000000] Reserved but unavailable: 104 pages
[    0.000000] Initmem setup node 0 [mem 0x0000000000001000-0x000000007ffeffff]
[    0.000000] ACPI: PM-Timer IO Port: 0x4008
[    0.000000] IOAPIC[0]: apic_id 2, version 32, address 0xfec00000, GSI 0-23
[    0.000000] ACPI: INT_SRC_OVR (bus 0 bus_irq 0 global_irq 2 dfl dfl)
[    0.000000] ACPI: INT_SRC_OVR (bus 0 bus_irq 9 global_irq 9 low level)
[    0.000000] Using ACPI (MADT) for SMP configuration information
[    0.000000] smpboot: Allowing 2 CPUs, 0 hotplug CPUs
[    0.000000] PM: Registered nosave memory: [mem 0x00000000-0x00000fff]
[    0.000000] PM: Registered nosave memory: [mem 0x0009f000-0x0009ffff]
[    0.000000] PM: Registered nosave memory: [mem 0x000a0000-0x000effff]
[    0.000000] PM: Registered nosave memory: [mem 0x000f0000-0x000fffff]
[    0.000000] e820: [mem 0x80000000-0xfebfffff] available for PCI devices
[    0.000000] Booting paravirtualized kernel on KVM
[    0.000000] clocksource: refined-jiffies: mask: 0xffffffff max_cycles: 0xffffffff, max_idle_ns: 7645519600211568 ns
[    0.000000] setup_percpu: NR_CPUS:8192 nr_cpumask_bits:2 nr_cpu_ids:2 nr_node_ids:1
[    0.000000] percpu: Embedded 50 pages/cpu s167936 r8192 d28672 u1048576
[    0.000000] PV qspinlock hash table entries: 256 (order: 0, 4096 bytes)
[    0.000000] Built 1 zonelists, mobility grouping on.  Total pages: 515961
[    0.000000] Policy zone: DMA32
[    0.000000] Kernel command line: BOOT_IMAGE=/boot/vmlinuz-4.15.0-212-generic root=LABEL=cloudimg-rootfs ro console=tty1 console=ttyS0
[    0.000000] Memory: 2014836K/2096696K available (12300K kernel code, 2477K rwdata, 4324K rodata, 2480K init, 2720K bss, 81860K reserved, 0K cma-reserved)
[    0.000000] SLUB: HWalign=64, Order=0-3, MinObjects=0, CPUs=2, Nodes=1
[    0.000000] ftrace: allocating 39508 entries in 155 pages
[    0.004000] Hierarchical RCU implementation.
[    0.004000] 	RCU restricting CPUs from NR_CPUS=8192 to nr_cpu_ids=2.
[    0.004000] 	Tasks RCU enabled.
[    0.004000] RCU: Adjusting geometry for rcu_fanout_leaf=16, nr_cpu_ids=2
[    0.004000] NR_IRQS: 524544, nr_irqs: 440, preallocated irqs: 16
[    0.004000] random: crng init done
[    0.004000] Console: colour VGA+ 80x25
[    0.004000] console [tty1] enabled
[    0.004000] console [ttyS0] enabled
[    0.004000] ACPI: Core revision 20170831
[    0.004000] ACPI: 2 ACPI AML tables successfully acquired and loaded
[    0.004000] APIC: Switch to symmetric I/O mode setup
[    0.004000] ..TIMER: vector=0x30 apic1=0 pin1=2 apic2=-1 pin2=-1
[    0.004005] tsc: Detected 3792.564 MHz processor
[    0.008006] Calibrating delay loop (skipped) preset value.. 7585.12 BogoMIPS (lpj=15170256)
[    0.012002] pid_max: default: 32768 minimum: 301
[    0.016023] Security Framework initialized
[    0.018823] Yama: becoming mindful.
[    0.020074] AppArmor: AppArmor initialized
[    0.030034] Dentry cache hash table entries: 262144 (order: 9, 2097152 bytes)
[    0.038740] Inode-cache hash table entries: 131072 (order: 8, 1048576 bytes)
[    0.040133] Mount-cache hash table entries: 4096 (order: 3, 32768 bytes)
[    0.044109] Mountpoint-cache hash table entries: 4096 (order: 3, 32768 bytes)
[    0.049371] Last level iTLB entries: 4KB 512, 2MB 512, 4MB 256
[    0.052002] Last level dTLB entries: 4KB 3072, 2MB 3072, 4MB 1536, 1GB 0
[    0.056002] Spectre V1 : Mitigation: usercopy/swapgs barriers and __user pointer sanitization
[    0.060002] Spectre V2 : Mitigation: Retpolines
[    0.062922] Spectre V2 : Spectre v2 / SpectreRSB mitigation: Filling RSB on context switch
[    0.064001] Spectre V2 : Spectre v2 / SpectreRSB : Filling RSB on VMEXIT
[    0.068142] Freeing SMP alternatives memory: 36K
[    0.186521] smpboot: CPU0: AMD Ryzen 7 7840HS w/ Radeon 780M Graphics (family: 0x19, model: 0x74, stepping: 0x1)
[    0.188353] Performance Events: PMU not available due to virtualization, using software events only.
[    0.192093] Hierarchical SRCU implementation.
[    0.195759] NMI watchdog: Perf event create on CPU 0 failed with -2
[    0.196004] NMI watchdog: Perf NMI watchdog permanently disabled
[    0.204275] smp: Bringing up secondary CPUs ...
[    0.208374] x86: Booting SMP configuration:
[    0.211328] .... node  #0, CPUs:      #1
[    0.004000] kvm-clock: cpu 1, msr 0:7ff44041, secondary cpu clock
[    0.220079] smp: Brought up 1 node, 2 CPUs
[    0.224007] smpboot: Max logical packages: 1
[    0.227119] smpboot: Total of 2 processors activated (15170.25 BogoMIPS)
[    0.232428] devtmpfs: initialized
[    0.234788] x86/mm: Memory block size: 128MB
[    0.236596] evm: security.selinux
[    0.240003] evm: security.SMACK64
[    0.244002] evm: security.SMACK64EXEC
[    0.246657] evm: security.SMACK64TRANSMUTE
[    0.248003] evm: security.SMACK64MMAP
[    0.252002] evm: security.apparmor
[    0.254526] evm: security.ima
[    0.256003] evm: security.capability
[    0.260336] clocksource: jiffies: mask: 0xffffffff max_cycles: 0xffffffff, max_idle_ns: 7645041785100000 ns
[    0.268007] futex hash table entries: 512 (order: 3, 32768 bytes)
[    0.272307] pinctrl core: initialized pinctrl subsystem
[    0.276312] RTC time: 13:33:49, date: 04/23/25
[    0.280498] NET: Registered protocol family 16
[    0.283648] audit: initializing netlink subsys (disabled)
[    0.288367] audit: type=2000 audit(1745415233.450:1): state=initialized audit_enabled=0 res=1
[    0.292150] cpuidle: using governor ladder
[    0.296144] cpuidle: using governor menu
[    0.304081] ACPI: bus type PCI registered
[    0.304081] acpiphp: ACPI Hot Plug PCI Controller Driver version: 0.5
[    0.308419] PCI: Using configuration type 1 for base access
[    0.312001] PCI: Using configuration type 1 for extended access
[    0.320368] HugeTLB registered 2.00 MiB page size, pre-allocated 0 pages
[    0.328488] ACPI: Added _OSI(Module Device)
[    0.332002] ACPI: Added _OSI(Processor Device)
[    0.335097] ACPI: Added _OSI(3.0 _SCP Extensions)
[    0.336002] ACPI: Added _OSI(Processor Aggregator Device)
[    0.340002] ACPI: Added _OSI(Linux-Dell-Video)
[    0.344002] ACPI: Added _OSI(Linux-Lenovo-NV-HDMI-Audio)
[    0.348002] ACPI: Added _OSI(Linux-HPI-Hybrid-Graphics)
[    0.352221] ACPI: Executed 1 blocks of module-level executable AML code
[    0.360633] ACPI: Interpreter enabled
[    0.362958] ACPI: (supports S0 S5)
[    0.364002] ACPI: Using IOAPIC for interrupt routing
[    0.368062] PCI: Using host bridge windows from ACPI; if necessary, use "pci=nocrs" and report a bug
[    0.372178] ACPI: Enabled 2 GPEs in block 00 to 07
[    0.385258] ACPI: PCI Root Bridge [PCI0] (domain 0000 [bus 00-ff])
[    0.388006] acpi PNP0A03:00: _OSC: OS supports [ExtendedConfig ASPM ClockPM Segments MSI]
[    0.393386] acpi PNP0A03:00: _OSC: platform does not support [PCIeCapability]
[    0.397032] acpi PNP0A03:00: _OSC: not requesting control; platform does not support [PCIeCapability]
[    0.400002] acpi PNP0A03:00: _OSC: OS requested [PCIeHotplug PME AER PCIeCapability]
[    0.404002] acpi PNP0A03:00: _OSC: platform willing to grant [PCIeHotplug PME AER]
[    0.408003] acpi PNP0A03:00: _OSC failed (AE_SUPPORT); disabling ASPM
[    0.416265] PCI host bridge to bus 0000:00
[    0.418824] pci_bus 0000:00: root bus resource [io  0x0000-0x0cf7 window]
[    0.420002] pci_bus 0000:00: root bus resource [io  0x0d00-0xffff window]
[    0.424002] pci_bus 0000:00: root bus resource [mem 0x000a0000-0x000bffff window]
[    0.428002] pci_bus 0000:00: root bus resource [mem 0x80000000-0xfdffffff window]
[    0.432003] pci_bus 0000:00: root bus resource [bus 00-ff]
[    0.441991] pci 0000:00:01.1: legacy IDE quirk: reg 0x10: [io  0x01f0-0x01f7]
[    0.444002] pci 0000:00:01.1: legacy IDE quirk: reg 0x14: [io  0x03f6]
[    0.448002] pci 0000:00:01.1: legacy IDE quirk: reg 0x18: [io  0x0170-0x0177]
[    0.452002] pci 0000:00:01.1: legacy IDE quirk: reg 0x1c: [io  0x0376]
[    0.473290] pci 0000:00:07.0: quirk: [io  0x4000-0x403f] claimed by PIIX4 ACPI
[    0.476029] pci 0000:00:07.0: quirk: [io  0x4100-0x410f] claimed by PIIX4 SMB
[    0.490785] ACPI: PCI Interrupt Link [LNKA] (IRQs 5 9 10 *11)
[    0.492493] ACPI: PCI Interrupt Link [LNKB] (IRQs 5 9 *10 11)
[    0.496185] ACPI: PCI Interrupt Link [LNKC] (IRQs 5 *9 10 11)
[    0.500177] ACPI: PCI Interrupt Link [LNKD] (IRQs 5 9 10 *11)
[    0.504511] SCSI subsystem initialized
[    0.508221] pci 0000:00:02.0: vgaarb: setting as boot VGA device
[    0.511900] pci 0000:00:02.0: vgaarb: VGA device added: decodes=io+mem,owns=io+mem,locks=none
[    0.512003] pci 0000:00:02.0: vgaarb: bridge control possible
[    0.516002] vgaarb: loaded
[    0.517788] ACPI: bus type USB registered
[    0.520066] usbcore: registered new interface driver usbfs
[    0.524008] usbcore: registered new interface driver hub
[    0.528007] usbcore: registered new device driver usb
[    0.532149] EDAC MC: Ver: 3.0.0
[    0.536502] PCI: Using ACPI for IRQ routing
[    0.540618] NetLabel: Initializing
[    0.542786] NetLabel:  domain hash size = 128
[    0.544001] NetLabel:  protocols = UNLABELED CIPSOv4 CALIPSO
[    0.548126] NetLabel:  unlabeled traffic allowed by default
[    0.552396] clocksource: Switched to clocksource kvm-clock
[    0.584232] VFS: Disk quotas dquot_6.6.0
[    0.590051] VFS: Dquot-cache hash table entries: 512 (order 0, 4096 bytes)
[    0.595055] AppArmor: AppArmor Filesystem Enabled
[    0.598514] pnp: PnP ACPI init
[    0.602458] pnp: PnP ACPI: found 3 devices
[    0.635370] clocksource: acpi_pm: mask: 0xffffff max_cycles: 0xffffff, max_idle_ns: 2085701024 ns
[    0.641147] NET: Registered protocol family 2
[    0.645098] IP idents hash table entries: 32768 (order: 6, 262144 bytes)
[    0.649726] TCP established hash table entries: 16384 (order: 5, 131072 bytes)
[    0.655053] TCP bind hash table entries: 16384 (order: 6, 262144 bytes)
[    0.660255] TCP: Hash tables configured (established 16384 bind 16384)
[    0.665157] UDP hash table entries: 1024 (order: 3, 32768 bytes)
[    0.669254] UDP-Lite hash table entries: 1024 (order: 3, 32768 bytes)
[    0.673782] NET: Registered protocol family 1
[    0.676881] pci 0000:00:00.0: Limiting direct PCI/PCI transfers
[    0.680892] pci 0000:00:01.0: Activating ISA DMA hang workarounds
[    0.685106] pci 0000:00:02.0: Video device with shadowed ROM at [mem 0x000c0000-0x000dffff]
[    0.690748] Unpacking initramfs...
[    0.708458] Freeing initrd memory: 19528K
[    1.010481] clocksource: tsc: mask: 0xffffffffffffffff max_cycles: 0x6d55cdfc852, max_idle_ns: 881590622119 ns
[    1.017425] platform rtc_cmos: registered platform RTC device (no PNP device found)
[    1.023137] Scanning for low memory corruption every 60 seconds
[    1.029348] Initialise system trusted keyrings
[    1.032849] Key type blacklist registered
[    1.036473] workingset: timestamp_bits=36 max_order=19 bucket_order=0
[    1.042380] zbud: loaded
[    1.045574] squashfs: version 4.0 (2009/01/31) Phillip Lougher
[    1.050498] fuse init (API version 7.26)
[    1.076336] Key type asymmetric registered
[    1.078858] Asymmetric key parser 'x509' registered
[    1.082046] Block layer SCSI generic (bsg) driver version 0.4 loaded (major 246)
[    1.087042] io scheduler noop registered
[    1.089981] io scheduler deadline registered
[    1.093049] io scheduler cfq registered (default)
[    1.096514] ACPI: AC Adapter [AC] (on-line)
[    1.099174] input: Power Button as /devices/LNXSYSTM:00/LNXPWRBN:00/input/input0
[    1.103933] ACPI: Power Button [PWRF]
[    1.106494] input: Sleep Button as /devices/LNXSYSTM:00/LNXSLPBN:00/input/input1
[    1.111349] ACPI: Sleep Button [SLPF]
[    1.117128] Serial: 8250/16550 driver, 32 ports, IRQ sharing enabled
[    1.148513] 00:02: ttyS0 at I/O 0x3f8 (irq = 4, base_baud = 115200) is a 16550A
[    1.166261] Linux agpgart interface v0.103
[    1.176037] loop: module loaded
[    1.180538] scsi host0: ata_piix
[    1.183001] scsi host1: ata_piix
[    1.186021] ata1: PATA max UDMA/33 cmd 0x1f0 ctl 0x3f6 bmdma 0xd000 irq 14
[    1.190648] ata2: PATA max UDMA/33 cmd 0x170 ctl 0x376 bmdma 0xd008 irq 15
[    1.195259] tun: Universal TUN/TAP device driver, 1.6
[    1.199480] PPP generic driver version 2.4.2
[    1.202826] ehci_hcd: USB 2.0 'Enhanced' Host Controller (EHCI) Driver
[    1.207318] ehci-pci: EHCI PCI platform driver
[    1.210548] ehci-platform: EHCI generic platform driver
[    1.214249] ohci_hcd: USB 1.1 'Open' Host Controller (OHCI) Driver
[    1.218547] ohci-pci: OHCI PCI platform driver
[    1.221777] ohci-platform: OHCI generic platform driver
[    1.225370] uhci_hcd: USB Universal Host Controller Interface driver
[    1.229668] i8042: PNP: PS/2 Controller [PNP0303:PS2K,PNP0f03:PS2M] at 0x60,0x64 irq 1,12
[    1.237957] serio: i8042 KBD port at 0x60,0x64 irq 1
[    1.241867] serio: i8042 AUX port at 0x60,0x64 irq 12
[    1.246182] mousedev: PS/2 mouse device common for all mice
[    1.251523] input: AT Translated Set 2 keyboard as /devices/platform/i8042/serio0/input/input2
[    1.253101] rtc_cmos rtc_cmos: rtc core: registered rtc_cmos as rtc0
[    1.262126] rtc_cmos rtc_cmos: alarms up to one day, 114 bytes nvram
[    1.266203] i2c /dev entries driver
[    1.268542] device-mapper: uevent: version 1.0.3
[    1.271889] device-mapper: ioctl: 4.37.0-ioctl (2017-09-20) initialised: dm-devel@redhat.com
[    1.277456] ledtrig-cpu: registered to indicate activity on CPUs
[    1.282712] NET: Registered protocol family 10
[    1.292599] Segment Routing with IPv6
[    1.294924] NET: Registered protocol family 17
[    1.298172] Key type dns_resolver registered
[    1.302246] mce: Using 0 MCE banks
[    1.304861] RAS: Correctable Errors collector initialized.
[    1.308663] sched_clock: Marking stable (1308581724, 0)->(1829413554, -520831830)
[    1.316474] registered taskstats version 1
[    1.319335] Loading compiled-in X.509 certificates
[    1.325977] Loaded X.509 cert 'Build time autogenerated kernel key: b5b26778eaa3ab3a4a6cee031137706e947d12ad'
[    1.332613] Loaded X.509 cert 'Canonical Ltd. Live Patch Signing: 14df34d1a87cf37625abec039ef2bf521249b969'
[    1.339233] Loaded X.509 cert 'Canonical Ltd. Kernel Module Signing: 88f752e560a1e0737e31163a466ad7b70a850c19'
[    1.345816] blacklist: Loading compiled-in revocation X.509 certificates
[    1.350341] Loaded X.509 cert 'Canonical Ltd. Secure Boot Signing: 61482aa2830d0ab2ad5af10b7250da9033ddcef0'
[    1.356903] Loaded X.509 cert 'Canonical Ltd. Secure Boot Signing (2017): 242ade75ac4a15e50d50c84b0d45ff3eae707a03'
[    1.363751] Loaded X.509 cert 'Canonical Ltd. Secure Boot Signing (ESM 2018): 365188c1d374d6b07c3c8f240f8ef722433d6a8b'
[    1.370805] Loaded X.509 cert 'Canonical Ltd. Secure Boot Signing (2019): c0746fd6c5da3ae827864651ad66ae47fe24b3e8'
[    1.377813] Loaded X.509 cert 'Canonical Ltd. Secure Boot Signing (2021 v1): a8d54bbb3825cfb94fa13c9f8a594a195c107b8d'
[    1.384968] Loaded X.509 cert 'Canonical Ltd. Secure Boot Signing (2021 v2): 4cf046892d6fd3c9a5b03f98d845f90851dc6a8c'
[    1.392080] Loaded X.509 cert 'Canonical Ltd. Secure Boot Signing (2021 v3): 100437bb6de6e469b581e61cd66bce3ef4ed53af'
[    1.399262] Loaded X.509 cert 'Canonical Ltd. Secure Boot Signing (Ubuntu Core 2019): c1d57b8f6b743f23ee41f4f7ee292f06eecadfb9'
[    1.406838] zswap: loaded using pool lzo/zbud
[    1.416183] Key type big_key registered
[    1.418638] Key type trusted registered
[    1.423802] Key type encrypted registered
[    1.426747] AppArmor: AppArmor sha1 policy hashing enabled
[    1.430532] ima: No TPM chip found, activating TPM-bypass! (rc=-19)
[    1.434752] ima: Allocated hash algorithm: sha1
[    1.438016] evm: HMAC attrs: 0x1
[    1.441207]   Magic number: 5:125:585
[    1.444381] rtc_cmos rtc_cmos: setting system clock to 2025-04-23 13:33:50 UTC (1745415230)
[    1.450271] BIOS EDD facility v0.16 2004-Jun-25, 0 devices found
[    1.454396] EDD information not available.
[    1.458786] Freeing unused kernel image memory: 2480K
[    1.484055] Write protecting the kernel read-only data: 20480k
[    1.489372] Freeing unused kernel image memory: 2008K
[    1.493176] Freeing unused kernel image memory: 1820K
[    1.499273] x86/mm: Checked W+X mappings: passed, no W+X pages found.
Loading, please wait...
starting version 237
[    1.553541] e1000: Intel(R) PRO/1000 Network Driver - version 7.3.21-k8-NAPI
[    1.558046] e1000: Copyright (c) 1999-2006 Intel Corporation.
[    1.566084] Fusion MPT base driver 3.04.20
[    1.568775] Copyright (c) 1999-2008 LSI Corporation
[    1.587405] Fusion MPT SPI Host driver 3.04.20
[    1.595696] SSE version of gcm_enc/dec engaged.
[    1.814908] input: ImExPS/2 Generic Explorer Mouse as /devices/platform/i8042/serio1/input/input4
[    2.118614] e1000 0000:00:03.0 eth0: (PCI:33MHz:32-bit) 02:3b:7b:b7:3b:2d
[    2.122958] e1000 0000:00:03.0 eth0: Intel(R) PRO/1000 Network Connection
[    2.656300] e1000 0000:00:08.0 eth1: (PCI:33MHz:32-bit) 08:00:27:fc:2a:39
[    2.660601] e1000 0000:00:08.0 eth1: Intel(R) PRO/1000 Network Connection
[    2.667893] e1000 0000:00:08.0 enp0s8: renamed from eth1
[    2.671734] mptbase: ioc0: Initiating bringup
[    2.688770] e1000 0000:00:03.0 enp0s3: renamed from eth0
[    2.782245] ioc0: LSI53C1030 A0: Capabilities={Initiator}
[    3.037234] scsi host2: ioc0: LSI53C1030 A0, FwRev=00000000h, Ports=1, MaxQ=256, IRQ=20
[    3.209999] scsi 2:0:0:0: Direct-Access     VBOX     HARDDISK         1.0  PQ: 0 ANSI: 5
[    3.248441] scsi target2:0:0: Beginning Domain Validation
[    3.257490] scsi target2:0:0: Domain Validation skipping write tests
[    3.261280] scsi target2:0:0: Ending Domain Validation
[    3.264538] scsi target2:0:0: asynchronous
[    3.268614] scsi 2:0:1:0: Direct-Access     VBOX     HARDDISK         1.0  PQ: 0 ANSI: 5
[    3.660557] scsi target2:0:1: Beginning Domain Validation
[    3.669510] scsi target2:0:1: Domain Validation skipping write tests
[    3.673204] scsi target2:0:1: Ending Domain Validation
[    3.676429] scsi target2:0:1: asynchronous
[    3.686130] sd 2:0:0:0: Attached scsi generic sg0 type 0
[    3.690198] sd 2:0:0:0: [sda] 83886080 512-byte logical blocks: (42.9 GB/40.0 GiB)
[    3.696229] sd 2:0:1:0: Attached scsi generic sg1 type 0
[    3.696458] sd 2:0:0:0: [sda] Write Protect is off
[    3.700195] sd 2:0:1:0: [sdb] 20480 512-byte logical blocks: (10.5 MB/10.0 MiB)
[    3.707761] sd 2:0:1:0: [sdb] Write Protect is off
[    3.711679] sd 2:0:0:0: [sda] Incomplete mode parameter data
[    3.715481] sd 2:0:0:0: [sda] Assuming drive cache: write through
[    3.715637] sd 2:0:1:0: [sdb] Incomplete mode parameter data
[    3.722305]  sda: sda1
[    3.723462] sd 2:0:1:0: [sdb] Assuming drive cache: write through
[    3.726636] sd 2:0:0:0: [sda] Attached SCSI disk
[    3.739987] sd 2:0:1:0: [sdb] Attached SCSI disk
Begin: Loading essential drivers ... [    5.224106] raid6: sse2x1   gen()  7538 MB/s
[    5.272477] raid6: sse2x1   xor() 13753 MB/s
[    5.320444] raid6: sse2x2   gen() 15360 MB/s
[    5.368182] raid6: sse2x2   xor() 17339 MB/s
[    5.416828] raid6: sse2x4   gen() 25983 MB/s
[    5.464039] raid6: sse2x4   xor()  6975 MB/s
[    5.466899] raid6: using algorithm sse2x4 gen() 25983 MB/s
[    5.470427] raid6: .... xor() 6975 MB/s, rmw enabled
[    5.473680] raid6: using ssse3x2 recovery algorithm
[    5.478251] xor: measuring software checksum speed
[    5.520283]    prefetch64-sse: 22554.000 MB/sec
[    5.560924]    generic_sse: 21065.000 MB/sec
[    5.563723] xor: using function: prefetch64-sse (22554.000 MB/sec)
[    5.569510] async_tx: api initialized (async)
done.
Begin: Running /scripts/init-premount ... done.
Begin: Mounting root file system ... Begin: Running /scripts/local-top ... done.
Begin: Running /scripts/local-premount ... [    5.610899] Btrfs loaded, crc32c=crc32c-intel
Scanning for Btrfs filesystems
done.
Warning: fsck not present, so skipping root file system
[    5.652788] EXT4-fs (sda1): mounted filesystem with ordered data mode. Opts: (null)
done.
Begin: Running /scripts/local-bottom ... done.
Begin: Running /scripts/init-bottom ... done.
[    5.832632] ip_tables: (C) 2000-2006 Netfilter Core Team
[    5.847752] systemd[1]: systemd 237 running in system mode. (+PAM +AUDIT +SELINUX +IMA +APPARMOR +SMACK +SYSVINIT +UTMP +LIBCRYPTSETUP +GCRYPT +GNUTLS +ACL +XZ +LZ4 +SECCOMP +BLKID +ELFUTILS +KMOD -IDN2 +IDN -PCRE2 default-hierarchy=hybrid)
[    5.861076] systemd[1]: Detected virtualization oracle.
[    5.864307] systemd[1]: Detected architecture x86-64.

Welcome to [1mUbuntu 18.04.6 LTS[0m!

[    5.888615] systemd[1]: Set hostname to <ubuntu>.
[    5.896165] systemd[1]: Initializing machine ID from random generator.
[    5.900359] systemd[1]: Installed transient /etc/machine-id file.
[    6.154044] systemd[1]: Created slice User and Session Slice.
[[0;32m  OK  [0m] Created slice User and Session Slice.
[    6.159595] systemd[1]: Started Forward Password Requests to Wall Directory Watch.
[[0;32m  OK  [0m] Started Forward Password Requests to Wall Directory Watch.
[    6.166960] systemd[1]: Set up automount Arbitrary Executable File Formats File System Automount Point.
[[0;32m  OK  [0m] Set up automount Arbitrary Executabâ€¦rmats File System Automount Point.
[    6.175566] systemd[1]: Reached target Swap.
[[0;32m  OK  [0m] Reached target Swap.
[[0;32m  OK  [0m] Reached target System Time Synchronized.
[[0;32m  OK  [0m] Reached target User and Group Name Lookups.
[[0;32m  OK  [0m] Reached target Mounting snaps.
[[0;32m  OK  [0m] Reached target Mounted snaps.
[[0;32m  OK  [0m] Created slice System Slice.
[[0;32m  OK  [0m] Listening on Journal Socket (/dev/log).
[[0;32m  OK  [0m] Listening on Journal Audit Socket.
[[0;32m  OK  [0m] Listening on Network Service Netlink Socket.
[[0;32m  OK  [0m] Listening on udev Kernel Socket.
[[0;32m  OK  [0m] Listening on /dev/initctl Compatibility Named Pipe.
[[0;32m  OK  [0m] Reached target Slices.
[[0;32m  OK  [0m] Listening on LVM2 metadata daemon socket.
[[0;32m  OK  [0m] Listening on Syslog Socket.
[[0;32m  OK  [0m] Created slice system-serial\x2dgetty.slice.
[[0;32m  OK  [0m] Listening on Device-mapper event daemon FIFOs.
[[0;32m  OK  [0m] Listening on udev Control Socket.
[[0;32m  OK  [0m] Listening on Journal Socket.
         Mounting POSIX Message Queue File System...
         Starting Uncomplicated firewall...
         Starting Set the console keyboard layout...
         Starting Monitoring of LVM2 mirrorsâ€¦ng dmeventd or progress polling...
         Starting udev Coldplug all Devices...
         Starting Load Kernel Modules...
         Mounting Kernel Debug File System...
         Starting Create list of required stâ€¦ce nodes for the current kernel...
         Starting Journal Service...
         Mounting Huge Pages File System...
[[0;32m  OK  [0m] Listening on LVM2 poll daemon socket.
[[0;32m  OK  [0m] Listening on fsck to fsckd communication Socket.
         Starting File System Check on Root Device...
[[0;32m  OK  [0m] Started Journal Service.
[[0;32m  OK  [0m] Mounted POSIX Message Queue File System.
[[0;32m  OK  [0m] Started Uncomplicated firewall.
[[0;32m  OK  [0m] Mounted Kernel Debug File System.
[    6.327492] Loading iSCSI transport class v2.0-870.
[[0;32m  OK  [0m] Started Create list of required staâ€¦vice nodes for the current kernel.
[[0;32m  OK  [0m] Mounted Huge Pages File System.
[[0;32m  OK  [0m] Started LVM2 metadata daemon.
         Starting Create Static Device Nodes in /dev...
[[0;32m  OK  [0m] Started File System Check Daemon to report status.
[[0;32m  OK  [0m] Started udev Coldplug all Devices.
[[0;32m  OK  [0m] Started Create Static Device Nodes in /dev.
[    6.397773] iscsi: registered transport (tcp)
[    6.418014] iscsi: registered transport (iser)
[[0;32m  OK  [0m] Started Load Kernel Modules.
         Mounting Kernel Configuration File System...
         Starting Apply Kernel Variables...
         Mounting FUSE Control File System...
[[0;32m  OK  [0m] Mounted Kernel Configuration File System.
[[0;32m  OK  [0m] Mounted FUSE Control File System.
[[0;32m  OK  [0m] Started Monitoring of LVM2 mirrors,â€¦sing dmeventd or progress polling.
[[0;32m  OK  [0m] Started File System Check on Root Device.
         Starting Remount Root and Kernel File Systems...
[[0;32m  OK  [0m] Started Apply Kernel Variables.
[[0;32m  OK  [0m] Started Remount Root and Kernel File Systems.
         Starting udev Kernel Device Manager...
         Starting Flush Journal to Persistent Storage...
         Starting Load/Save Random Seed...
[[0;32m  OK  [0m] Started Load/Save Random Seed.
[[0;32m  OK  [0m] Started udev Kernel Device Manager.
[[0;32m  OK  [0m] Started Flush Journal to Persistent Storage.
[[0;32m  OK  [0m] Found device /dev/ttyS0.
[[0;32m  OK  [0m] Listening on Load/Save RF Kill Switch Status /dev/rfkill Watch.
[[0;32m  OK  [0m] Started Set the console keyboard layout.
[[0;32m  OK  [0m] Started Dispatch Password Requests to Console Directory Watch.
[[0;32m  OK  [0m] Reached target Local Encrypted Volumes.
[[0;32m  OK  [0m] Reached target Local File Systems (Pre).
[[0;32m  OK  [0m] Reached target Local File Systems.
         Starting Create Volatile Files and Directories...
         Starting Commit a transient machine-id on disk...
         Starting AppArmor initialization...
         Starting ebtables ruleset management...
         Starting Tell Plymouth To Write Out Runtime Data...
         Starting Set console font and keymap...
[[0;32m  OK  [0m] Started Create Volatile Files and Directories.
         Starting Update UTMP about System Boot/Shutdown...
[[0;32m  OK  [0m] Started Tell Plymouth To Write Out Runtime Data.
[[0;32m  OK  [0m] Started Update UTMP about System Boot/Shutdown.
[[0;32m  OK  [0m] Started Commit a transient machine-id on disk.
[[0;32m  OK  [0m] Started ebtables ruleset management.
         Mounting Arbitrary Executable File Formats File System...
[[0;32m  OK  [0m] Mounted Arbitrary Executable File Formats File System.
[[0;32m  OK  [0m] Started Set console font and keymap.
[[0;32m  OK  [0m] Started AppArmor initialization.
         Starting Initial cloud-init job (pre-networking)...
         Starting Load AppArmor profiles managed internally by snapd...
[[0;32m  OK  [0m] Started Load AppArmor profiles managed internally by snapd.
[    9.120933] cloud-init[795]: Cloud-init v. 23.1.2-0ubuntu0~18.04.1 running 'init-local' at Wed, 23 Apr 2025 13:33:57 +0000. Up 8.87 seconds.
[[0;32m  OK  [0m] Started Initial cloud-init job (pre-networking).
[[0;32m  OK  [0m] Reached target Network (Pre).
         Starting Network Service...
[[0;32m  OK  [0m] Started Network Service.
         Starting Network Name Resolution...
         Starting Wait for Network to be Configured...
[[0;32m  OK  [0m] Started Network Name Resolution.
[[0;32m  OK  [0m] Reached target Host and Network Name Lookups.
[[0;32m  OK  [0m] Reached target Network.
[[0;32m  OK  [0m] Started Wait for Network to be Configured.
         Starting Initial cloud-init job (metadata service crawler)...
[   11.220451] cloud-init[933]: Cloud-init v. 23.1.2-0ubuntu0~18.04.1 running 'init' at Wed, 23 Apr 2025 13:34:00 +0000. Up 11.14 seconds.
[   11.225937] cloud-init[933]: ci-info: ++++++++++++++++++++++++++++++++++++++++++++Net device info++++++++++++++++++++++++++++++++++++++++++++
[   11.230580] cloud-init[933]: ci-info: +--------+-------+---------------------------------------+---------------+--------+-------------------+
[   11.237351] cloud-init[933]: ci-info: | Device |   Up  |                Address                |      Mask     | Scope  |     Hw-Address    |
[   11.242874] cloud-init[933]: ci-info: +--------+-------+---------------------------------------+---------------+--------+-------------------+
[   11.247586] cloud-init[933]: ci-info: | enp0s3 |  True |               10.0.2.15               | 255.255.255.0 | global | 02:3b:7b:b7:3b:2d |
[   11.252487] cloud-init[933]: ci-info: | enp0s3 |  True | fd17:625c:f037:2:3b:7bff:feb7:3b2d/64 |       .       | global | 02:3b:7b:b7:3b:2d |
[   11.257419] cloud-init[933]: ci-info: | enp0s3 |  True |       fe80::3b:7bff:feb7:3b2d/64      |       .       |  link  | 02:3b:7b:b7:3b:2d |
[   11.263066] cloud-init[933]: ci-info: | enp0s8 | False |                   .                   |       .       |   .    | 08:00:27:fc:2a:39 |
[   11.268417] cloud-init[933]: ci-info: |   lo   |  True |               127.0.0.1               |   255.0.0.0   |  host  |         .         |
[   11.274790] cloud-init[933]: ci-info: |   lo   |  True |                ::1/128                |       .       |  host  |         .         |
[   11.280580] cloud-init[933]: ci-info: +--------+-------+---------------------------------------+---------------+--------+-------------------+
[   11.285596] cloud-init[933]: ci-info: ++++++++++++++++++++++++++++Route IPv4 info+++++++++++++++++++++++++++++
[   11.290322] cloud-init[933]: ci-info: +-------+-------------+----------+-----------------+-----------+-------+
[   11.294731] cloud-init[933]: ci-info: | Route | Destination | Gateway  |     Genmask     | Interface | Flags |
[   11.299004] cloud-init[933]: ci-info: +-------+-------------+----------+-----------------+-----------+-------+
[   11.303477] cloud-init[933]: ci-info: |   0   |   0.0.0.0   | 10.0.2.2 |     0.0.0.0     |   enp0s3  |   UG  |
[   11.308440] cloud-init[933]: ci-info: |   1   |   10.0.2.0  | 0.0.0.0  |  255.255.255.0  |   enp0s3  |   U   |
[   11.312674] cloud-init[933]: ci-info: |   2   |   10.0.2.2  | 0.0.0.0  | 255.255.255.255 |   enp0s3  |   UH  |
[   11.317302] cloud-init[933]: ci-info: +-------+-------------+----------+-----------------+-----------+-------+
[   11.323630] cloud-init[933]: ci-info: ++++++++++++++++++++++++Route IPv6 info++++++++++++++++++++++++
[   11.329401] cloud-init[933]: ci-info: +-------+-----------------------+---------+-----------+-------+
[   11.336157] cloud-init[933]: ci-info: | Route |      Destination      | Gateway | Interface | Flags |
[   11.342249] cloud-init[933]: ci-info: +-------+-----------------------+---------+-----------+-------+
[   11.347966] cloud-init[933]: ci-info: |   1   | fd17:625c:f037:2::/64 |    ::   |   enp0s3  |   U   |
[   11.353877] cloud-init[933]: ci-info: |   2   |       fe80::/64       |    ::   |   enp0s3  |   U   |
[   11.359416] cloud-init[933]: ci-info: |   3   |          ::/0         | fe80::2 |   enp0s3  |   UG  |
[   11.365182] cloud-init[933]: ci-info: |   5   |         local         |    ::   |   enp0s3  |   U   |
[   11.371762] cloud-init[933]: ci-info: |   6   |        ff00::/8       |    ::   |   enp0s3  |   U   |
[   11.377789] cloud-init[933]: ci-info: +-------+-----------------------+---------+-----------+-------+
[   12.062537] cloud-init[933]: Generating public/private rsa key pair.
[   12.064523] cloud-init[933]: Your identification has been saved in /etc/ssh/ssh_host_rsa_key.
[   12.066667] cloud-init[933]: Your public key has been saved in /etc/ssh/ssh_host_rsa_key.pub.
[   12.068890] cloud-init[933]: The key fingerprint is:
[   12.070193] cloud-init[933]: SHA256:Wr9krU6GBSUvpxb2zPYKVZN7ZsRlKzcbOJvViHeipMQ root@ubuntu-bionic
[   12.072455] cloud-init[933]: The key's randomart image is:
[   12.073839] cloud-init[933]: +---[RSA 2048]----+
[   12.075156] cloud-init[933]: |        . .     o|
[   12.076418] cloud-init[933]: |         =   +.+o|
[   12.077682] cloud-init[933]: |        = E *+**o|
[   12.078959] cloud-init[933]: |       . @ + *Bo+|
[   12.080327] cloud-init[933]: |        S O oo+. |
[   12.081685] cloud-init[933]: |       + * o +   |
[   12.082963] cloud-init[933]: |      . o * o    |
[   12.084458] cloud-init[933]: |         * +     |
[   12.086062] cloud-init[933]: |         .=      |
[   12.087370] cloud-init[933]: +----[SHA256]-----+
[   12.088579] cloud-init[933]: Generating public/private dsa key pair.
[   12.090207] cloud-init[933]: Your identification has been saved in /etc/ssh/ssh_host_dsa_key.
[   12.092306] cloud-init[933]: Your public key has been saved in /etc/ssh/ssh_host_dsa_key.pub.
[   12.094458] cloud-init[933]: The key fingerprint is:
[   12.095725] cloud-init[933]: SHA256:KuD4swrz/bw3MZjSfXr9UCL0DTF39Tf3fwBwQAhNZuQ root@ubuntu-bionic
[   12.097970] cloud-init[933]: The key's randomart image is:
[   12.099634] cloud-init[933]: +---[DSA 1024]----+
[   12.121092] cloud-init[933]: |      .==o+.+ . +|
[   12.122700] cloud-init[933]: |       +o  o + ..|
[   12.124225] cloud-init[933]: |        E . o  .+|
[   12.125444] cloud-init[933]: |         . . +  =|
[   12.126898] cloud-init[933]: |  .  . +S . o + .|
[   12.128557] cloud-init[933]: | o .. +.+ .. o ..|
[   12.129774] cloud-init[933]: |+ . ...  = ..   o|
[   12.130971] cloud-init[933]: |.+.. o  + . ..  .|
[   12.132371] cloud-init[933]: |..+o..+o o   ..  |
[   12.133590] cloud-init[933]: +----[SHA256]-----+
[   12.134809] cloud-init[933]: Generating public/private ecdsa key pair.
[   12.136454] cloud-init[933]: Your identification has been saved in /etc/ssh/ssh_host_ecdsa_key.
[   12.138770] cloud-init[933]: Your public key has been saved in /etc/ssh/ssh_host_ecdsa_key.pub.
[   12.141213] cloud-init[933]: The key fingerprint is:
[   12.142483] cloud-init[933]: SHA256:/CFlcG+AGCGFOim+EntdM34zM4iPiUdNZtUtE4r/Klk root@ubuntu-bionic
[   12.145321] cloud-init[933]: The key's randomart image is:
[   12.146713] cloud-init[933]: +---[ECDSA 256]---+
[   12.147961] cloud-init[933]: |    .o++.o+o     |
[   12.149257] cloud-init[933]: |    ....o++o.    |
[   12.150483] cloud-init[933]: |   o  ... ooo    |
[   12.151624] cloud-init[933]: |. +   +o o .     |
[   12.152992] cloud-init[933]: |.. . =  S .      |
[   12.154185] cloud-init[933]: |..  . = E+ .     |
[   12.155615] cloud-init[933]: | o.o + *  o      |
[   12.156865] cloud-init[933]: |o...+o= *.       |
[   12.158086] cloud-init[933]: |....o..o.=       |
[   12.159316] cloud-init[933]: +----[SHA256]-----+
[   12.160554] cloud-init[933]: Generating public/private ed25519 key pair.
[   12.162243] cloud-init[933]: Your identification has been saved in /etc/ssh/ssh_host_ed25519_key.
[   12.164501] cloud-init[933]: Your public key has been saved in /etc/ssh/ssh_host_ed25519_key.pub.
[   12.166746] cloud-init[933]: The key fingerprint is:
[   12.168011] cloud-init[933]: SHA256:+bNKHrb5w9q0KHeW1sCELzPZWTJnPpyNWnbNfoKHwgk root@ubuntu-bionic
[   12.170196] cloud-init[933]: The key's randomart image is:
[   12.171569] cloud-init[933]: +--[ED25519 256]--+
[   12.172957] cloud-init[933]: |                 |
[   12.174327] cloud-init[933]: |                 |
[   12.175626] cloud-init[933]: |         .       |
[   12.176878] cloud-init[933]: |        ..+ +    |
[   12.178071] cloud-init[933]: |        S* X + o |
[   12.179343] cloud-init[933]: |        E.* O o o|
[   12.180740] cloud-init[933]: |        +B+O = . |
[   12.181921] cloud-init[933]: |      .+.B%++ o o|
[   12.183194] cloud-init[933]: |       oBB=o . ..|
[   12.184744] cloud-init[933]: +----[SHA256]-----+
[[0;32m  OK  [0m] Started Initial cloud-init job (metadata service crawler).
[[0;32m  OK  [0m] Reached target Network is Online.
         Starting Availability of block devices...
[[0;32m  OK  [0m] Reached target Remote File Systems (Pre).
[[0;32m  OK  [0m] Reached target Remote File Systems.
[[0;32m  OK  [0m] Reached target Cloud-config availability.
[[0;32m  OK  [0m] Reached target System Initialization.
[[0;32m  OK  [0m] Listening on cloud-init hotplug hook socket.
[[0;32m  OK  [0m] Started Ubuntu Advantage Timer for running repeated jobs.
[[0;32m  OK  [0m] Started Discard unused blocks once a week.
         Starting LXD - unix socket.
[[0;32m  OK  [0m] Listening on UUID daemon activation socket.
         Starting Socket activation for snappy daemon.
[[0;32m  OK  [0m] Listening on Open-iSCSI iscsid Socket.
[[0;32m  OK  [0m] Started Daily Cleanup of Temporary Directories.
[[0;32m  OK  [0m] Started Daily apt download activities.
[[0;32m  OK  [0m] Started Daily apt upgrade and clean activities.
[[0;32m  OK  [0m] Listening on D-Bus System Message Bus Socket.
[[0;32m  OK  [0m] Listening on ACPID Listen Socket.
[[0;32m  OK  [0m] Started Message of the Day.
[[0;32m  OK  [0m] Reached target Timers.
[[0;32m  OK  [0m] Started ACPI Events Check.
[[0;32m  OK  [0m] Reached target Paths.
[[0;32m  OK  [0m] Started Availability of block devices.
[[0;32m  OK  [0m] Listening on LXD - unix socket.
[[0;32m  OK  [0m] Listening on Socket activation for snappy daemon.
[[0;32m  OK  [0m] Reached target Sockets.
[[0;32m  OK  [0m] Reached target Basic System.
         Starting Virtualbox guest utils...
         Starting System Logging Service...
         Starting Dispatcher daemon for systemd-networkd...
         Starting Login Service...
         Starting Snap Daemon...
         Starting Accounts Service...
[[0;32m  OK  [0m] Started irqbalance daemon.
[[0;32m  OK  [0m] Started Deferred execution scheduler.
         Starting LSB: Record successful boot for GRUB...
         Starting LSB: automatic crash report generation...
         Starting Pollinate to seed the pseudo random number generator...
[[0;32m  OK  [0m] Started D-Bus System Message Bus.
[[0;32m  OK  [0m] Reached target Login Prompts (Pre).
[[0;32m  OK  [0m] Started FUSE filesystem for LXC.
         Starting Permit User Sessions...
[[0;32m  OK  [0m] Started Regular background program processing daemon.
         Starting LXD - container startup/shutdown...
[[0;32m  OK  [0m] Started System Logging Service.
[[0;32m  OK  [0m] Started Permit User Sessions.
[[0;32m  OK  [0m] Started Login Service.
         Starting Authorization Manager...
[[0;32m  OK  [0m] Started Unattended Upgrades Shutdown.
         Starting Hostname Service...
         Starting Terminate Plymouth Boot Screen...
         Starting Hold until boot process finishes up...
[[0;32m  OK  [0m] Started Hold until boot process finishes up.
[[0;32m  OK  [0m] Started LSB: automatic crash report generation.
[[0;32m  OK  [0m] Started Terminate Plymouth Boot Screen.
[[0;32m  OK  [0m] Started Serial Getty on ttyS0.
         Starting Set console scheme...
[[0;32m  OK  [0m] Started Set console scheme.
[[0;32m  OK  [0m] Created slice system-getty.slice.
[[0;32m  OK  [0m] Started Getty on tty1.
[[0;32m  OK  [0m] Reached target Login Prompts.
[[0;32m  OK  [0m] Started Hostname Service.
[[0;32m  OK  [0m] Started LSB: Record successful boot for GRUB.
[[0;32m  OK  [0m] Started Authorization Manager.
[[0;32m  OK  [0m] Started Virtualbox guest utils.
[[0;32m  OK  [0m] Started LXD - container startup/shutdown.
[[0;32m  OK  [0m] Started Accounts Service.
[[0;32m  OK  [0m] Started Dispatcher daemon for systemd-networkd.
[[0;32m  OK  [0m] Started Snap Daemon.
         Starting Wait until snapd is fully seeded...
[[0;32m  OK  [0m] Started Pollinate to seed the pseudo random number generator.
         Starting OpenBSD Secure Shell server...
[[0;32m  OK  [0m] Started OpenBSD Secure Shell server.
[[0;32m  OK  [0m] Created slice User Slice of vagrant.
         Starting User Manager for UID 1000...
[[0;32m  OK  [0m] Started Session 1 of user vagrant.
[[0;32m  OK  [0m] Started User Manager for UID 1000.
         Starting Time & Date Service...
[[0;32m  OK  [0m] Started Time & Date Service.
[[0;32m  OK  [0m] Started Wait until snapd is fully seeded.
         Starting Apply the settings specified in cloud-config...
[   16.294745] cloud-init[1683]: Cloud-init v. 23.1.2-0ubuntu0~18.04.1 running 'modules:config' at Wed, 23 Apr 2025 13:34:05 +0000. Up 16.00 seconds.
[[0;32m  OK  [0m] Started Apply the settings specified in cloud-config.
[[0;32m  OK  [0m] Reached target Multi-User System.
[[0;32m  OK  [0m] Reached target Graphical Interface.
         Starting Execute cloud user/final scripts...
         Starting Update UTMP about System Runlevel Changes...
[[0;32m  OK  [0m] Started Update UTMP about System Runlevel Changes.
ci-info: no authorized SSH keys fingerprints found for user ubuntu.
<14>Apr 23 13:34:05 cloud-init: #############################################################
<14>Apr 23 13:34:05 cloud-init: -----BEGIN SSH HOST KEY FINGERPRINTS-----
<14>Apr 23 13:34:05 cloud-init: 1024 SHA256:KuD4swrz/bw3MZjSfXr9UCL0DTF39Tf3fwBwQAhNZuQ root@ubuntu-bionic (DSA)
<14>Apr 23 13:34:05 cloud-init: 256 SHA256:/CFlcG+AGCGFOim+EntdM34zM4iPiUdNZtUtE4r/Klk root@ubuntu-bionic (ECDSA)
<14>Apr 23 13:34:05 cloud-init: 256 SHA256:+bNKHrb5w9q0KHeW1sCELzPZWTJnPpyNWnbNfoKHwgk root@ubuntu-bionic (ED25519)
<14>Apr 23 13:34:05 cloud-init: 2048 SHA256:Wr9krU6GBSUvpxb2zPYKVZN7ZsRlKzcbOJvViHeipMQ root@ubuntu-bionic (RSA)
<14>Apr 23 13:34:05 cloud-init: -----END SSH HOST KEY FINGERPRINTS-----
<14>Apr 23 13:34:05 cloud-init: #############################################################
-----BEGIN SSH HOST KEY KEYS-----
ecdsa-sha2-nistp256 AAAAE2VjZHNhLXNoYTItbmlzdHAyNTYAAAAIbmlzdHAyNTYAAABBBLMtE0fkucrDZQnSJbqrx9HJU0EHGnr0SEfKPdSEwFc6fGZwSfUOoqhTLTmV/r26USO7yarQjATjv/HZNKquwe0= root@ubuntu-bionic
ssh-ed25519 AAAAC3NzaC1lZDI1NTE5AAAAIMGq6/YpXCup/GpGgCZfdOj1WCaN02iBMLO5ZuDpo7kB root@ubuntu-bionic
ssh-rsa AAAAB3NzaC1yc2EAAAADAQABAAABAQDRCPNLPgFn75eS8yrbsDkmOpLigsVMd0Yrrv5282zpYzpVO4EwTOwdTChV+IHoqsiSMM+5pcC0ZWtqyXMn7WMOct9TsdHt9SKloQridWtlrlxzbjzdtHC7QQtFLmN772cuYxatNzMwjInhEZQqBtMamrSa/R9JCrOpJZmcnb1i3GBWCs4TKUkJltO1tYoenmAYCEV7cRPk0dzY5z3TDLIpQL66lEocCWbmKtO7tLpM+u3twU9Xn7B6fKUWHeBGKI1kqr+A8F9cYOLuRzcrA3cqsN1DALYYKZbxnn1EacUJPjsJjpjlOOttAiE8XYKAcn3TstuGz0BuGKou75gz2+M9 root@ubuntu-bionic
-----END SSH HOST KEY KEYS-----
[   16.762822] cloud-init[1808]: Cloud-init v. 23.1.2-0ubuntu0~18.04.1 running 'modules:final' at Wed, 23 Apr 2025 13:34:05 +0000. Up 16.60 seconds.
[   16.766032] cloud-init[1808]: Cloud-init v. 23.1.2-0ubuntu0~18.04.1 finished at Wed, 23 Apr 2025 13:34:05 +0000. Datasource DataSourceNoCloud [seed=/dev/sdb][dsmode=net].  Up 16.75 seconds
[[0;32m  OK  [0m] Started Execute cloud user/final scripts.
[[0;32m  OK  [0m] Reached target Cloud-init target.

Ubuntu 18.04.6 LTS ubuntu-bionic ttyS0

ubuntu-bionic login: 